scoring community-uploads/forrest/volcomp/PHerc0009B/volumes/20250521125136-8.640um-1.2m-116keV-masked.zarr
scoring community-uploads/forrest/volcomp/PHerc0009B/volumes/20250820154339-2.401um-0.3m-77keV-masked.zarr
scoring community-uploads/forrest/volcomp/PHerc0009B/volumes/20260319104112-2.401um-0.3m-77keV-masked.zarr
scoring community-uploads/forrest/volcomp/PHerc0125/volumes/20250821151825-9.362um-1.2m-113keV-masked.zarr
scoring community-uploads/forrest/volcomp/PHerc0139/volumes/20250728140407-9.362um-1.2m-113keV-masked.zarr
scoring community-uploads/forrest/volcomp/PHerc0139/volumes/20250820105138-2.403um-0.2m-77keV-masked.zarr
scoring community-uploads/forrest/volcomp/PHerc0139/volumes/20250822062710-2.403um-0.2m-77keV-masked.zarr
scoring community-uploads/forrest/volcomp/PHerc0139/volumes/20260102150214-2.399um-0.2m-78keV-masked.zarr
scoring community-uploads/forrest/volcomp/PHerc0139/volumes/20260319133050-2.403um-0.2m-77keV-masked.zarr
scoring community-uploads/forrest/volcomp/PHerc0139/volumes/20260319133554-2.403um-0.2m-77keV-masked.zarr
scoring community-uploads/forrest/volcomp/PHerc0139/volumes/20260413113053-1.129um-0.2m-59keV-masked.zarr
scoring community-uploads/forrest/volcomp/PHerc0172/volumes/20241024131839-7.910um-53keV-masked.zarr
scoring community-uploads/forrest/volcomp/PHerc0175A/volumes/20250521115057-8.640um-1.2m-116keV-masked.zarr
scoring community-uploads/forrest/volcomp/PHerc0175B/volumes/20250521125822-8.640um-1.2m-116keV-masked.zarr
scoring community-uploads/forrest/volcomp/PHerc0191/volumes/20250821151635-9.362um-1.2m-113keV-masked.zarr
scoring community-uploads/forrest/volcomp/PHerc0211/volumes/20250821151803-9.362um-1.2m-113keV-masked.zarr
scoring community-uploads/forrest/volcomp/PHerc0257/volumes/20250821151750-9.362um-1.2m-113keV-masked.zarr
scoring community-uploads/forrest/volcomp/PHerc0268/volumes/20251110183117-8.640um-1.2m-116keV-masked.zarr
scoring community-uploads/forrest/volcomp/PHerc0306B/volumes/20250521133212-8.640um-1.2m-116keV-masked.zarr
scoring community-uploads/forrest/volcomp/PHerc0332/volumes/20251211183505-2.399um-0.2m-78keV-masked.zarr
scoring community-uploads/forrest/volcomp/PHerc0343/volumes/20250521140437-8.640um-1.2m-116keV-masked.zarr
scoring community-uploads/forrest/volcomp/PHerc0343P/volumes/20250521134555-8.640um-1.2m-116keV-masked.zarr
scoring community-uploads/forrest/volcomp/PHerc0343P/volumes/20260304131111-2.215um-0.4m-111keV-masked.zarr
scoring community-uploads/forrest/volcomp/PHerc0358/volumes/20250821151737-9.362um-1.2m-113keV-masked.zarr
scoring community-uploads/forrest/volcomp/PHerc0483A/volumes/20250521140913-8.640um-1.2m-116keV-masked.zarr
scoring community-uploads/forrest/volcomp/PHerc0483B/volumes/20251124083638-8.640um-1.2m-116keV-masked.zarr
scoring community-uploads/forrest/volcomp/PHerc0490A/volumes/20250521151210-8.640um-1.2m-116keV-masked.zarr
scoring community-uploads/forrest/volcomp/PHerc0490B/volumes/20250521151215-8.640um-1.2m-116keV-masked.zarr
scoring community-uploads/forrest/volcomp/PHerc0500P2/volumes/20250526151718-2.215um-0.4m-111keV-masked.zarr
scoring community-uploads/forrest/volcomp/PHerc0500P2/volumes/20250528085330-4.317um-1.2m-111keV-masked.zarr
scoring community-uploads/forrest/volcomp/PHerc0500P2/volumes/20250820143440-9.362um-1.2m-113keV-masked.zarr
scoring community-uploads/forrest/volcomp/PHerc0500P2/volumes/20250821110041-0.500um-masked.zarr
scoring community-uploads/forrest/volcomp/PHerc0500P2/volumes/20250821110041-0.550um-0.1m-65keV-masked.zarr
scoring community-uploads/forrest/volcomp/PHerc0800/volumes/20250521135224-8.640um-1.2m-116keV-masked.zarr
scoring community-uploads/forrest/volcomp/PHerc0813/volumes/20250821151723-9.362um-1.2m-113keV-masked.zarr
scoring community-uploads/forrest/volcomp/PHerc0814/volumes/20250804134230-9.362um-1.2m-113keV-masked.zarr
scoring community-uploads/forrest/volcomp/PHerc0814/volumes/20260309142202-2.399um-0.2m-78keV-masked.zarr
scoring community-uploads/forrest/volcomp/PHerc0814/volumes/20260521123630-1.129um-0.2m-59keV-masked.zarr
scoring community-uploads/forrest/volcomp/PHerc0826/volumes/20250821151701-9.362um-1.2m-113keV-masked.zarr
scoring community-uploads/forrest/volcomp/PHerc0841/volumes/20250821151531-9.366um-1.2m-113keV-masked.zarr
scoring community-uploads/forrest/volcomp/PHerc0841/volumes/20260319124803-2.403um-0.2m-77keV-masked.zarr
scoring community-uploads/forrest/volcomp/PHerc0846A/volumes/20250728152254-9.362um-1.2m-113keV-masked.zarr
scoring community-uploads/forrest/volcomp/PHerc0846A/volumes/20260319102732-2.403um-0.2m-77keV-masked.zarr
scoring community-uploads/forrest/volcomp/PHerc0846B/volumes/20250804142305-9.362um-1.2m-113keV-masked.zarr
scoring community-uploads/forrest/volcomp/PHerc1203/volumes/20250820131727-9.362um-1.2m-113keV-masked.zarr
scoring community-uploads/forrest/volcomp/PHerc1203/volumes/20260319130212-2.403um-0.2m-77keV-masked.zarr
scoring community-uploads/forrest/volcomp/PHerc1218/volumes/20250521120456-8.640um-1.2m-116keV-masked.zarr
scoring community-uploads/forrest/volcomp/PHerc1299/volumes/20260309130042-2.399um-0.2m-78keV-masked.zarr
scoring community-uploads/forrest/volcomp/PHerc1447/volumes/20250521151220-8.640um-1.2m-116keV-masked.zarr
scoring community-uploads/forrest/volcomp/PHerc1451/volumes/20250521151225-8.640um-1.2m-116keV-masked.zarr
scoring community-uploads/forrest/volcomp/PHerc1451/volumes/20260319101107-2.399um-0.2m-78keV-masked.zarr
scoring community-uploads/forrest/volcomp/PHerc1545/volumes/20250821151648-9.362um-1.2m-113keV-masked.zarr
scoring community-uploads/forrest/volcomp/PHerc1667/volumes/20251217075048-2.399um-0.2m-78keV-masked.zarr
scoring community-uploads/forrest/volcomp/PHerc1667/volumes/20260323082859-1.129um-0.2m-59keV-masked.zarr
scoring community-uploads/forrest/volcomp/PHercMAN5/volumes/20260311104824-2.399um-0.2m-78keV-masked.zarr
scoring community-uploads/forrest/volcomp/PHercMANB/volumes/20260323091048-2.399um-0.2m-78keV-masked.zarr
scoring community-uploads/forrest/volcomp/PHercMANBp/volumes/20251216152116-2.399um-0.2m-78keV-masked.zarr
scoring community-uploads/forrest/volcomp/PHercMANBp/volumes/20260427100434-1.129um-0.2m-59keV-masked.zarr
scoring community-uploads/forrest/volcomp/PHercParis3/volumes/20260427095331-2.400um-0.2m-78keV-masked.zarr
scoring community-uploads/forrest/volcomp/PHercParis4/volumes/20260310170716-45.532um-11.0m-74keV-masked.zarr
scoring community-uploads/forrest/volcomp/PHercParis4/volumes/20260310173927-45.532um-11.0m-110keV-masked.zarr
scoring community-uploads/forrest/volcomp/PHercParis4/volumes/20260323153942-2.400um-0.2m-137keV-masked.zarr
scoring community-uploads/forrest/volcomp/PHercParis4/volumes/20260411134726-2.400um-0.2m-78keV-masked.zarr
scoring community-uploads/forrest/volcomp/PHercParis4/volumes/20260608103018-1.129um-0.2m-78keV-masked.zarr

scored 64/64 volumes -> artifacts/2026-09-30-scrollq-n12/volumes.json
warning: 49 scored volume(s) used fewer chunks than requested
   77.4  20250821151723-9.362um-1.2m-113keV-masked.zarr
   75.8  20250822062710-2.403um-0.2m-77keV-masked.zarr
   74.5  20250820154339-2.401um-0.3m-77keV-masked.zarr
   74.0  20251211183505-2.399um-0.2m-78keV-masked.zarr
   72.5  20241024131839-7.910um-53keV-masked.zarr
   71.3  20250728152254-9.362um-1.2m-113keV-masked.zarr
   70.0  20250820105138-2.403um-0.2m-77keV-masked.zarr
   69.4  20250521134555-8.640um-1.2m-116keV-masked.zarr
   69.0  20260319104112-2.401um-0.3m-77keV-masked.zarr
   69.0  20260310173927-45.532um-11.0m-110keV-masked.zarr
