discovered PHerc0009B 20250521125136 fixed_unresolved
discovered PHerc0139 20250820105138 fixed_unresolved
discovered PHerc0139 20250822062710 fixed_unresolved
discovered PHerc0139 20260102150214 fixed_unresolved
discovered PHerc0139 20260413113053 ok
discovered PHerc0332 20251211183505 ok
discovered PHerc0343P 20250521134555 ok
discovered PHerc0500P2 20250526151718 fixed_unresolved
discovered PHerc0500P2 20250528085330 fixed_unresolved
discovered PHerc0500P2 20250820143440 fixed_unresolved
discovered PHerc0500P2 20250821110041 fixed_unresolved
discovered PHerc0814 20260521123630 ok
discovered PHerc1667 20251217075048 ok
discovered PHerc1667 20260323082859 ok
discovered PHercMANBp 20260427100434 ok
discovered PHercParis3 20260427095331 fixed_unresolved
discovered PHercParis4 20260310170716 ok
discovered PHercParis4 20260411134726 ok
discovered PHercParis4 20260608103018 fixed_unresolved
PHerc0009B:20250521125136        exclude  status fixed_unresolved: ambiguous: 2 candidates ['20250820154339', '20260319104112']
PHerc0139:20250820105138         exclude  status fixed_unresolved: no candidate volume in sample
PHerc0139:20250822062710         exclude  status fixed_unresolved: no candidate volume in sample
PHerc0139:20260102150214         exclude  status fixed_unresolved: no candidate volume in sample
PHerc0139:20260413113053         INCLUDE  ok
PHerc0332:20251211183505         exclude  landmark residual 91 um > 50 um
PHerc0343P:20250521134555        INCLUDE  ok
PHerc0500P2:20250526151718       exclude  status fixed_unresolved: no candidate volume in sample
PHerc0500P2:20250528085330       exclude  status fixed_unresolved: no candidate volume in sample
PHerc0500P2:20250820143440       exclude  status fixed_unresolved: no candidate volume in sample
PHerc0500P2:20250821110041       exclude  status fixed_unresolved: no candidate volume in sample
PHerc0814:20260521123630         INCLUDE  ok
PHerc1667:20251217075048         INCLUDE  ok
PHerc1667:20260323082859         exclude  landmark residual 103 um > 50 um
PHercMANBp:20260427100434        INCLUDE  ok
PHercParis3:20260427095331       exclude  status fixed_unresolved: no candidate volume in sample
PHercParis4:20260310170716       exclude  landmark residual 429 um > 50 um
PHercParis4:20260411134726       INCLUDE  ok
PHercParis4:20260608103018       exclude  status fixed_unresolved: ambiguous: 2 candidates ['20260323153942', '20260411134726']
  PHerc0139 1/24
  PHerc0139 2/24
  PHerc0139 3/24
  PHerc0139 4/24
  PHerc0139 5/24
  PHerc0343P 1/24
  PHerc0343P 2/24
  PHerc0343P 3/24
  PHerc0343P 4/24
  PHerc0343P 5/24
  PHerc0814 1/24
  PHerc0814 2/24
  PHerc0814 3/24
  PHerc0814 4/24
  PHerc0814 5/24
  PHerc0814 6/24
  PHerc0814 7/24
  PHercMANBp 1/24
  PHercMANBp 2/24
  PHercMANBp 3/24
otsu_eta: inconclusive (0 included pairs < required 3)
edge_sharpness: inconclusive (0 included pairs < required 3)
