discovered PHerc0009B 20250521125136 fixed_unresolved
discovered PHerc0139 20250820105138 fixed_unresolved
discovered PHerc0139 20250822062710 fixed_unresolved
discovered PHerc0139 20260102150214 fixed_unresolved
discovered PHerc0139 20260413113053 ok
discovered PHerc0332 20251211183505 ok
discovered PHerc0343P 20250521134555 ok
discovered PHerc0500P2 20250526151718 fixed_unresolved
discovered PHerc0500P2 20250528085330 fixed_unresolved
discovered PHerc0500P2 20250820143440 fixed_unresolved
discovered PHerc0500P2 20250821110041 fixed_unresolved
discovered PHerc0814 20260521123630 ok
discovered PHerc1667 20251217075048 ok
discovered PHerc1667 20260323082859 ok
discovered PHercMANBp 20260427100434 ok
discovered PHercParis3 20260427095331 fixed_unresolved
discovered PHercParis4 20260310170716 ok
discovered PHercParis4 20260411134726 ok
discovered PHercParis4 20260608103018 fixed_unresolved
PHerc0009B:20250521125136        exclude  status fixed_unresolved: ambiguous: 2 candidates ['20250820154339', '20260319104112']
PHerc0139:20250820105138         exclude  status fixed_unresolved: no candidate volume in sample
PHerc0139:20250822062710         exclude  status fixed_unresolved: no candidate volume in sample
PHerc0139:20260102150214         exclude  status fixed_unresolved: no candidate volume in sample
PHerc0139:20260413113053         INCLUDE  ok
PHerc0332:20251211183505         exclude  landmark residual 91 um > 50 um
PHerc0343P:20250521134555        INCLUDE  ok
PHerc0500P2:20250526151718       exclude  status fixed_unresolved: no candidate volume in sample
PHerc0500P2:20250528085330       exclude  status fixed_unresolved: no candidate volume in sample
PHerc0500P2:20250820143440       exclude  status fixed_unresolved: no candidate volume in sample
PHerc0500P2:20250821110041       exclude  status fixed_unresolved: no candidate volume in sample
PHerc0814:20260521123630         INCLUDE  ok
PHerc1667:20251217075048         INCLUDE  ok
PHerc1667:20260323082859         exclude  landmark residual 103 um > 50 um
PHercMANBp:20260427100434        INCLUDE  ok
PHercParis3:20260427095331       exclude  status fixed_unresolved: no candidate volume in sample
PHercParis4:20260310170716       exclude  landmark residual 429 um > 50 um
PHercParis4:20260411134726       INCLUDE  ok
PHercParis4:20260608103018       exclude  status fixed_unresolved: ambiguous: 2 candidates ['20260323153942', '20260411134726']
  PHerc0139 1/24
  PHerc0139 2/24
  PHerc0139 3/24
  PHerc0139 4/24
  PHerc0139 5/24
  PHerc0139 6/24
  PHerc0139 7/24
  PHerc0139 8/24
  PHerc0139 9/24
  PHerc0139 10/24
  PHerc0139 11/24
  PHerc0139 12/24
  PHerc0139 13/24
  PHerc0139 14/24
  PHerc0139 15/24
  PHerc0139 16/24
  PHerc0139 17/24
  PHerc0139 18/24
  PHerc0139 19/24
  PHerc0139 20/24
  PHerc0139 21/24
  PHerc0139 22/24
  PHerc0139 23/24
  PHerc0139 24/24
  PHerc0343P 1/24
  PHerc0343P 2/24
  PHerc0343P 3/24
  PHerc0343P 4/24
  PHerc0343P 5/24
  PHerc0343P 6/24
  PHerc0343P 7/24
  PHerc0343P 8/24
  PHerc0343P 9/24
  PHerc0343P 10/24
  PHerc0343P 11/24
  PHerc0343P 12/24
  PHerc0343P 13/24
  PHerc0343P 14/24
  PHerc0343P 15/24
  PHerc0343P 16/24
  PHerc0343P 17/24
  PHerc0343P 18/24
  PHerc0343P 19/24
  PHerc0343P 20/24
  PHerc0343P 21/24
  PHerc0343P 22/24
  PHerc0343P 23/24
  PHerc0343P 24/24
  PHerc0814 1/24
  PHerc0814 2/24
  PHerc0814 3/24
  PHerc0814 4/24
  PHerc0814 5/24
  PHerc0814 6/24
  PHerc0814 7/24
  PHerc0814 8/24
  PHerc0814 9/24
  PHerc0814 10/24
  PHerc0814 11/24
  PHerc0814 12/24
  PHerc0814 13/24
  PHerc0814 14/24
  PHerc0814 15/24
  PHerc0814 16/24
  PHerc0814 17/24
  PHerc0814 18/24
  PHerc0814 19/24
  PHerc0814 20/24
  PHerc0814 21/24
  PHerc0814 22/24
  PHerc0814 23/24
  PHerc0814 24/24
  PHercMANBp 1/24
  PHercMANBp 2/24
  PHercMANBp 3/24
  PHercMANBp 4/24
  PHercMANBp 5/24
  PHercMANBp 6/24
  PHercMANBp 7/24
  PHercMANBp 8/24
  PHercMANBp 9/24
  PHercMANBp 10/24
  PHercMANBp 11/24
  PHercMANBp 12/24
  PHercMANBp 13/24
  PHercMANBp 14/24
  PHercMANBp 15/24
  PHercMANBp 16/24
  PHercMANBp 17/24
  PHercMANBp 18/24
  PHercMANBp 19/24
  PHercMANBp 20/24
  PHercMANBp 21/24
  PHercMANBp 22/24
  PHercMANBp 23/24
  PHercMANBp 24/24
otsu_eta: discordant (3/4 pairs reverse the documented ordering)
edge_sharpness: discordant (2/4 pairs reverse the documented ordering)
