{
  "primary": {
    "sense": 1,
    "cut_degrees": 320,
    "attach_distance_voxels": 8.0
  },
  "decision": {
    "verdict": "INCONSISTENT",
    "control_detection_rate": 0.97,
    "control_min_detection": 0.9,
    "inconsistent_constraints": 6
  },
  "summary": {
    "constraints": 16074,
    "nodes": 9107,
    "patch_pieces": 8852,
    "frames": 255,
    "relative_frames": 254,
    "relative_frames_tied_to_absolute": 206,
    "components": 28,
    "independent_cycles": 6165,
    "redundant_constraints": 6995,
    "residual_0": 15550,
    "residual_abs_1": 518,
    "residual_abs_ge_2": 6,
    "edges_with_disagreeing_points": 381
  },
  "control": {
    "eligible": 10235,
    "trials": 200,
    "shift": 2,
    "seed": 20261003,
    "detected": 194,
    "localized": 160,
    "detection_rate": 0.97,
    "localization_rate": 0.8
  },
  "inputs": {
    "points": {
      "absolute": 59,
      "relative": 2173
    },
    "patch_entries": 89237,
    "patches_with_bbox": 89237,
    "patches_touching": 20765,
    "patches_read": 20765,
    "patch_read_errors": 0,
    "patch_read_error_examples": {},
    "usable_pieces_in_touched_patches": 11004,
    "excluded_pieces": {
      "large_angular_step": 0,
      "encircles_axis": 0
    },
    "attachments_within_max_distance": 20171,
    "points_attached_primary": 2111,
    "sha256": {
      "abs_winding.json": "4e566731f7cbaf8f5ec843de687b3f72f4a784c40b587ebbaf544550902172c1",
      "relative_windings.json": "a3243511d4eb91387a9b32f4dbff11514b08c3ae36e9b2a2b8222607b4883ac1",
      "umbilicus.json": "c5f30b0d135c1d333f8170e592079a3d5a636e0071c0dcce560eecebb0ee2602"
    }
  }
}
